0 21 automations backups mon-adjoint-ia sophie-dashboard sophie.webp automations backups mon-adjoint-ia sophie-dashboard sophie.webp 0 /home/ubuntu/backups/backup_complet.sh
[19/06/2026 08:36] === Début backup 2026-06-19 ===
[19/06/2026 08:36] Archive code...
[19/06/2026 08:36] Code archivé : /home/ubuntu/backups/code-2026-06-19.tar.gz (1.1M)
[19/06/2026 08:36] Chiffrement secrets...
[19/06/2026 08:36] Secrets chiffrés : /home/ubuntu/backups/secrets-2026-06-19.tar.gz.gpg (4.0K)
[19/06/2026 08:36] Push GitHub — automations...
[19/06/2026 08:36] Push GitHub — sophie-dashboard...
[19/06/2026 08:36] WARN: Upload Drive ignoré — root_folder_id non configuré dans ~/.config/rclone/rclone.conf
[19/06/2026 08:36] Nettoyage archives locales > 30 jours...
[19/06/2026 08:36]   0 archive(s) supprimée(s)
[19/06/2026 08:36] === Backup terminé ===
[19/06/2026 08:37] === Début backup 2026-06-19 ===
[19/06/2026 08:37] Archive code...
[19/06/2026 08:37] Code archivé : /home/ubuntu/backups/code-2026-06-19.tar.gz (1.1M)
[19/06/2026 08:37] Chiffrement secrets...
[19/06/2026 08:37] Secrets chiffrés : /home/ubuntu/backups/secrets-2026-06-19.tar.gz.gpg (4.0K)
[19/06/2026 08:37] Push GitHub — automations...
[19/06/2026 08:37]   automations: push OK
[19/06/2026 08:37] Push GitHub — sophie-dashboard...
[19/06/2026 08:37]   sophie-dashboard: push OK
[19/06/2026 08:37] WARN: Upload Drive ignoré — root_folder_id non configuré dans ~/.config/rclone/rclone.conf
[19/06/2026 08:37] Nettoyage archives locales > 30 jours...
[19/06/2026 08:37]   0 archive(s) supprimée(s)
[19/06/2026 08:37] === Backup terminé ===
[19/06/2026 08:43] === Début backup 2026-06-19 ===
[19/06/2026 08:43] Archive code...
[19/06/2026 08:43] Code archivé : /home/ubuntu/backups/code-2026-06-19.tar.gz (1.1M)
[19/06/2026 08:43] Chiffrement secrets...
[19/06/2026 08:43] Secrets chiffrés : /home/ubuntu/backups/secrets-2026-06-19.tar.gz.gpg (4.0K)
[19/06/2026 08:43] Push GitHub — automations...
[19/06/2026 08:43]   automations: push OK
[19/06/2026 08:43] Push GitHub — sophie-dashboard...
[19/06/2026 08:43]   sophie-dashboard: push OK
[19/06/2026 08:43] Upload Drive...
[19/06/2026 08:43] WARN: Upload Drive ignoré — remote gdrive-perso non authentifié (OAuth manquant)
[19/06/2026 08:43] Nettoyage archives locales > 30 jours...
[19/06/2026 08:43]   0 archive(s) supprimée(s)
[19/06/2026 08:43] === Backup terminé ===
[19/06/2026 08:56] === Début backup 2026-06-19 ===
[19/06/2026 08:56] Archive code...
[19/06/2026 08:56] Code archivé : /home/ubuntu/backups/code-2026-06-19.tar.gz (1.1M)
[19/06/2026 08:56] Chiffrement secrets...
[19/06/2026 08:56] Secrets chiffrés : /home/ubuntu/backups/secrets-2026-06-19.tar.gz.gpg (4.0K)
[19/06/2026 08:56] Push GitHub — automations...
[19/06/2026 08:56]   automations: push OK
[19/06/2026 08:56] Push GitHub — sophie-dashboard...
[19/06/2026 08:56]   sophie-dashboard: push OK
[19/06/2026 08:56] Upload Drive...
[19/06/2026 08:56]   code: upload OK
[19/06/2026 08:56]   secrets: upload OK
[19/06/2026 08:56] Upload Drive terminé
[19/06/2026 08:56] Nettoyage archives locales > 30 jours...
[19/06/2026 08:56]   0 archive(s) supprimée(s)
[19/06/2026 08:56] === Backup terminé ===
[21/06/2026 21:00] === Début backup 2026-06-21 ===
[21/06/2026 21:00] === Début backup 2026-06-21 ===
[21/06/2026 21:00] Archive code...
[21/06/2026 21:00] Archive code...
[21/06/2026 21:00] Code archivé : /home/ubuntu/backups/code-2026-06-21.tar.gz (1.1M)
[21/06/2026 21:00] Code archivé : /home/ubuntu/backups/code-2026-06-21.tar.gz (1.1M)
[21/06/2026 21:00] Chiffrement secrets...
[21/06/2026 21:00] Chiffrement secrets...
[21/06/2026 21:00] Secrets chiffrés : /home/ubuntu/backups/secrets-2026-06-21.tar.gz.gpg (4.0K)
[21/06/2026 21:00] Secrets chiffrés : /home/ubuntu/backups/secrets-2026-06-21.tar.gz.gpg (4.0K)
[21/06/2026 21:00] Push GitHub — automations...
[21/06/2026 21:00] Push GitHub — automations...
[main 32a9698] auto: backup 2026-06-21
 9 files changed, 918 insertions(+), 13 deletions(-)
 create mode 100644 chloe-dashboard/brief_to_post.db
 create mode 100644 chloe-dashboard/templates/brief_to_post.html
 create mode 100644 import_notion_btp.py
To https://github.com/lapetitefabriquedigitale/ChloeLudmann.git
   d85e531..32a9698  main -> main
[21/06/2026 21:00]   automations: push OK
[21/06/2026 21:00]   automations: push OK
[21/06/2026 21:00] Push GitHub — sophie-dashboard...
[21/06/2026 21:00] Push GitHub — sophie-dashboard...
[main dbf7a69] auto: backup 2026-06-21
 8 files changed, 863 insertions(+), 193 deletions(-)
 create mode 100644 secteurs_naf.json
 create mode 100644 storage.py
To https://github.com/lapetitefabriquedigitale/MonEspacePro.git
   780c186..dbf7a69  main -> main
[21/06/2026 21:00]   sophie-dashboard: push OK
[21/06/2026 21:00]   sophie-dashboard: push OK
[21/06/2026 21:00] Upload Drive...
[21/06/2026 21:00] Upload Drive...
           0 2026-06-19 08:56:13        -1 Backups VPS
           0 2026-06-19 08:56:30        -1 Backups VPS/code
           0 2026-06-19 08:56:34        -1 Backups VPS/secrets
[21/06/2026 21:00]   code: upload OK
[21/06/2026 21:00]   code: upload OK
[21/06/2026 21:00]   secrets: upload OK
[21/06/2026 21:00]   secrets: upload OK
[21/06/2026 21:00] Upload Drive terminé
[21/06/2026 21:00] Upload Drive terminé
[21/06/2026 21:00] Nettoyage archives locales > 30 jours...
[21/06/2026 21:00] Nettoyage archives locales > 30 jours...
[21/06/2026 21:00]   0 archive(s) supprimée(s)
[21/06/2026 21:00]   0 archive(s) supprimée(s)
[21/06/2026 21:00] === Backup terminé ===
[21/06/2026 21:00] === Backup terminé ===
[23/06/2026 13:20] === Début backup 2026-06-23 ===
[23/06/2026 13:20] Archive code...
[23/06/2026 13:20] Code archivé : /home/ubuntu/backups/code-2026-06-23.tar.gz (1.1M)
[23/06/2026 13:20] Chiffrement secrets...
[23/06/2026 13:20] Secrets chiffrés : /home/ubuntu/backups/secrets-2026-06-23.tar.gz.gpg (4.0K)
[23/06/2026 13:20] Push GitHub — automations...
[23/06/2026 13:20]   automations: push OK
[23/06/2026 13:20] Push GitHub — sophie-dashboard...
[23/06/2026 13:20]   sophie-dashboard: push OK
[23/06/2026 13:20] Upload Drive...
[23/06/2026 13:20]   code: upload OK
[23/06/2026 13:20]   secrets: upload OK
[23/06/2026 13:20] Upload Drive terminé
[23/06/2026 13:20] Nettoyage archives locales > 30 jours...
[23/06/2026 13:20]   0 archive(s) supprimée(s)
[23/06/2026 13:20] === Backup terminé ===
[25/06/2026 16:24] === Début backup 2026-06-25 ===
[25/06/2026 16:24] Archive code...
[25/06/2026 16:24] Code archivé : /home/ubuntu/backups/code-2026-06-25.tar.gz (23M)
[25/06/2026 16:24] Chiffrement secrets...
[25/06/2026 16:24] Secrets chiffrés : /home/ubuntu/backups/secrets-2026-06-25.tar.gz.gpg (4.0K)
[25/06/2026 16:24] Push GitHub — automations...
[25/06/2026 16:24]   automations: push OK
[25/06/2026 16:24] Push GitHub — sophie-dashboard...
[25/06/2026 16:24]   sophie-dashboard: push OK
[25/06/2026 16:24] Upload Drive...
[25/06/2026 16:24]   code: upload OK
[25/06/2026 16:24]   secrets: upload OK
[25/06/2026 16:24] Upload Drive terminé
[25/06/2026 16:24] Nettoyage archives locales > 30 jours...
[25/06/2026 16:24]   0 archive(s) supprimée(s)
[25/06/2026 16:24] === Backup terminé ===
[28/06/2026 21:00] === Début backup 2026-06-28 ===
[28/06/2026 21:00] === Début backup 2026-06-28 ===
[28/06/2026 21:00] Archive code...
[28/06/2026 21:00] Archive code...
[28/06/2026 21:00] Code archivé : /home/ubuntu/backups/code-2026-06-28.tar.gz (1.4M)
[28/06/2026 21:00] Code archivé : /home/ubuntu/backups/code-2026-06-28.tar.gz (1.4M)
[28/06/2026 21:00] Chiffrement secrets...
[28/06/2026 21:00] Chiffrement secrets...
[28/06/2026 21:00] Secrets chiffrés : /home/ubuntu/backups/secrets-2026-06-28.tar.gz.gpg (4.0K)
[28/06/2026 21:00] Secrets chiffrés : /home/ubuntu/backups/secrets-2026-06-28.tar.gz.gpg (4.0K)
[28/06/2026 21:00] Push GitHub — automations...
[28/06/2026 21:00] Push GitHub — automations...
[main 0ee7a0e] auto: backup 2026-06-28
 1 file changed, 1 insertion(+), 1 deletion(-)
To https://github.com/lapetitefabriquedigitale/ChloeLudmann.git
   9c8d351..0ee7a0e  main -> main
[28/06/2026 21:00]   automations: push OK
[28/06/2026 21:00]   automations: push OK
[28/06/2026 21:00] Push GitHub — sophie-dashboard...
[28/06/2026 21:00] Push GitHub — sophie-dashboard...
[main 5893640] auto: backup 2026-06-28
 1 file changed, 1 insertion(+), 1 deletion(-)
To https://github.com/lapetitefabriquedigitale/MonEspacePro.git
   aec0f87..5893640  main -> main
[28/06/2026 21:00]   sophie-dashboard: push OK
[28/06/2026 21:00]   sophie-dashboard: push OK
[28/06/2026 21:00] Upload Drive...
[28/06/2026 21:00] Upload Drive...
           0 2026-06-19 08:56:13        -1 Backups VPS
           0 2026-06-19 08:56:30        -1 Backups VPS/code
           0 2026-06-19 08:56:34        -1 Backups VPS/secrets
[28/06/2026 21:00]   code: upload OK
[28/06/2026 21:00]   code: upload OK
[28/06/2026 21:00]   secrets: upload OK
[28/06/2026 21:00]   secrets: upload OK
[28/06/2026 21:00] Upload Drive terminé
[28/06/2026 21:00] Upload Drive terminé
[28/06/2026 21:00] Nettoyage archives locales > 30 jours...
[28/06/2026 21:00] Nettoyage archives locales > 30 jours...
[28/06/2026 21:00]   0 archive(s) supprimée(s)
[28/06/2026 21:00]   0 archive(s) supprimée(s)
[28/06/2026 21:00] === Backup terminé ===
[28/06/2026 21:00] === Backup terminé ===
