[reset] Connexion a ssl0.ovh.net (contact@chloeludmann.fr)...
  23 emails remis en non-lu : Your receipt from Calendly LLC
  11 emails remis en non-lu : 5124603268
[reset] 34 emails non lus au total


[OVH Chloe] Connexion a ssl0.ovh.net...
  2 email(s) non lu(s)

[Infomaniak Whisper] Connexion a mail.infomaniak.com...
  0 email(s) non lu(s)

[Gmail] Connexion a imap.gmail.com...
  Erreur connexion : b'[AUTHENTICATIONFAILED] Invalid credentials (Failure)'

Termine.
[reset] Connexion a ssl0.ovh.net (contact@chloeludmann.fr)...
  23 emails remis en non-lu : Your receipt from Calendly LLC
  11 emails remis en non-lu : 5124603268
[reset] 34 emails non lus au total


[OVH Chloe] Connexion a ssl0.ovh.net...
  0 email(s) non lu(s)

[Infomaniak Whisper] Connexion a mail.infomaniak.com...
  0 email(s) non lu(s)

[Gmail] Connexion a imap.gmail.com...
  Erreur connexion : b'[AUTHENTICATIONFAILED] Invalid credentials (Failure)'

Termine.
[reset] Connexion a ssl0.ovh.net (contact@chloeludmann.fr)...
  23 emails remis en non-lu : Your receipt from Calendly LLC
  11 emails remis en non-lu : 5124603268
[reset] 34 emails non lus au total


[OVH Chloe] Connexion a ssl0.ovh.net...
  2 email(s) non lu(s)

[Infomaniak Whisper] Connexion a mail.infomaniak.com...
  0 email(s) non lu(s)

[Gmail OAuth] Connexion via token.json...
  21 email(s) avec pieces jointes
  PDF : Facture-202605-32.pdf | Nouvelle facture n°202605-32 de Christophe Briz EI
    -> Facture detectee
    Drive OK : https://drive.google.com/file/d/19XyuQ805LgoY1FUocBgeR-mqxMb
    Notion OK
  PDF : CarteEmbarquement.pdf | Votre carte d'embarquement
    -> Pas une facture, ignore
  PDF : 7253652_BAIGENSIGNETOUS_6a10d88677bec.pdf | Mon Espace Location : Votre bail de location signé
    -> Pas une facture, ignore
  PDF : 7253649_BAIANNFUSSIGNETOUS_6a10d88674770.pdf | Mon Espace Location : Votre bail de location signé
    -> Pas une facture, ignore
  PDF : Q U I T TA N C E D E L O Y E R.pdf | quittance et planning
    -> Pas une facture, ignore

Termine.
[reset] Connexion a ssl0.ovh.net (contact@chloeludmann.fr)...
  23 emails remis en non-lu : Your receipt from Calendly LLC
  11 emails remis en non-lu : 5124603268
[reset] 34 emails non lus au total


[OVH Chloe] Connexion a ssl0.ovh.net...
  0 email(s) non lu(s)

[Infomaniak Whisper] Connexion a mail.infomaniak.com...
  0 email(s) non lu(s)

[Gmail OAuth] Connexion via token.json...
  21 email(s) avec pieces jointes
  PDF : Facture-202605-32.pdf | Nouvelle facture n°202605-32 de Christophe Briz EI
    -> Facture detectee
    Drive OK : https://drive.google.com/file/d/12CAVAIv3HL0WbemxozeaidQYPjM
    Notion OK
  PDF : CarteEmbarquement.pdf | Votre carte d'embarquement
    -> Pas une facture, ignore
  PDF : 7253652_BAIGENSIGNETOUS_6a10d88677bec.pdf | Mon Espace Location : Votre bail de location signé
    -> Pas une facture, ignore
  PDF : 7253649_BAIANNFUSSIGNETOUS_6a10d88674770.pdf | Mon Espace Location : Votre bail de location signé
    -> Pas une facture, ignore
  PDF : Q U I T TA N C E D E L O Y E R.pdf | quittance et planning
    -> Pas une facture, ignore

Termine.
[reset] Connexion a ssl0.ovh.net (contact@chloeludmann.fr)...
  23 emails remis en non-lu : Your receipt from Calendly LLC
  11 emails remis en non-lu : 5124603268
[reset] 34 emails non lus au total


[OVH Chloe] Connexion a ssl0.ovh.net...
  77 email(s) non lu(s)
  PDF : ChloéLudmann_conditionsutilisation_2026.pdf | Inscriptions 2026-27 : validation créneaux avant 1
    -> Pas une facture, ignore
  PDF : ChloéLudmann_conditionsutilisation_2026.pdf | Inscriptions 2026-27 : validation créneaux avant 1
    -> Pas une facture, ignore
  PDF : ChloéLudmann_conditionsutilisation_2026.pdf | Inscriptions 2026-27 : validation créneaux avant 1
    -> Pas une facture, ignore
  PDF : ChloéLudmann_conditionsutilisation_2026.pdf | Inscriptions 2026-27 : validation créneaux avant 1
    -> Pas une facture, ignore
  PDF : confirmation renouvellement .pdf | Re: Inscriptions 2026-27 : validation créneaux ava
    -> Pas une facture, ignore
  PDF : facture-Garmin.pdf | Nouvelle facture - Test
    -> Facture detectee
    Drive OK : https://drive.google.com/file/d/17vC1jlL-BoHKDF8OEHKU3cYLa6m
    Notion OK
  PDF : Tarifs plateforme agréée 2026 achats.pdf | Mise en place de la plateforme agrée 01/09/2026
    -> Pas une facture, ignore
  PDF : Fiche_info9 Prof libérale.pdf | [SPAM] Plateforme agréée - profession libérale
    -> Pas une facture, ignore
  PDF : ChloéLudmann_conditionsutilisation_2026.pdf | Rappel (avant 1er juin) - Inscriptions 2026-27 : v
    -> Pas une facture, ignore

[Infomaniak Whisper] Connexion a mail.infomaniak.com...
  2 email(s) non lu(s)

[Gmail OAuth] Connexion via token.json...
  22 email(s) avec pieces jointes
  PDF : Facture-202605-32.pdf | Nouvelle facture n°202605-32 de Christophe Briz EI
    -> Facture detectee
    Drive OK : https://drive.google.com/file/d/1Rs71BhWs_WQjMQ40Ph3Na35BorO
    Notion OK
  PDF : CarteEmbarquement.pdf | Votre carte d'embarquement
    -> Pas une facture, ignore
  PDF : 7253652_BAIGENSIGNETOUS_6a10d88677bec.pdf | Mon Espace Location : Votre bail de location signé
    -> Pas une facture, ignore
  PDF : 7253649_BAIANNFUSSIGNETOUS_6a10d88674770.pdf | Mon Espace Location : Votre bail de location signé
    -> Pas une facture, ignore
  PDF : Q U I T TA N C E D E L O Y E R.pdf | quittance et planning
    -> Pas une facture, ignore

Termine.
[reset] Connexion a ssl0.ovh.net (contact@chloeludmann.fr)...
  23 emails remis en non-lu : Your receipt from Calendly LLC
  11 emails remis en non-lu : 5124603268
[reset] 34 emails non lus au total


[OVH Chloe] Connexion a ssl0.ovh.net...
  756 email(s) non lu(s)
  PDF : Contrat-ChloeLudmann-2025.pdf | Votre document est signé
    -> Pas une facture, ignore
  PDF : Contrat-ChloeLudmann-2025.pdf | Votre document est signé
    -> Pas une facture, ignore
  PDF : Chloé Ludmann - cours de chant - Tarifs & conditions 2026.pdf | Cours de chant
    -> Pas une facture, ignore
  PDF : BOUR LUDMANN Chloe-2026-Lettre de mission.pdf | Lettre de mission
    -> Pas une facture, ignore
  PDF : ChloeLudmann_conditions d'utilisation_2026.pdf | RE: Réservation de tes prochains cours de chant :)
    -> Pas une facture, ignore
  PDF : invoice_16813767.pdf | Your receipt from Calendly LLC
    -> Facture detectee
    Drive OK : https://drive.google.com/file/d/1NfB5ehaTwrjctLS_RparsiUw0NL
    Notion OK
  PDF : ChloeLudmann_conditions d'utilisation_2026.pdf | Cours de chant :)
    -> Pas une facture, ignore
  PDF : ChloeLudmann_conditions d'utilisation_2026.pdf | Cours de chant :)
    -> Pas une facture, ignore
  PDF : INV338384377_A24822620_01192026.pdf | Paiement traité pour 5124603268
    -> Facture detectee
    Drive OK : https://drive.google.com/file/d/14hAUcupAKEx8A2SzgOERWHtD0hM
    Notion OK
  PDF : Towanda !.pdf | Annonce : Création collectif/compagnie
    -> Pas une facture, ignore
  PDF : Invoice_1811.pdf | Votre commande La Petite Fabrique Digitale est en 
    -> Facture detectee
    Drive OK : https://drive.google.com/file/d/1Fdo-WH-LqcOJ2UuSyv8_zATNmNR
    Notion OK
  PDF : Facture N°F2026.00120.pdf | Conciergerie - Votre facture de janvier
    -> Facture detectee
    Drive OK : https://drive.google.com/file/d/1ymSMHRkrxj-iQSnqf8_OGbAMkQk
    Notion OK
  PDF : Extrait de comptes Compte 14510 000225086.. Compte courant Auto Entrepreneur BOUR CHLOE (EI) au 2026-01-30(1).pdf | Extrait de comptes Compte 14510 000225086.. Compte
    -> Pas une facture, ignore
  PDF : Extrait de comptes Compte 14510 000225086.. Compte courant Auto Entrepreneur BOUR CHLOE (EI) au 2025-12-31.pdf | Extrait de comptes Compte 14510 000225086.. Compte
    -> Pas une facture, ignore
  PDF : invoice_17085206.pdf | Your receipt from Calendly LLC
    -> Facture detectee
    Drive OK : https://drive.google.com/file/d/1VOEbG_xpRnbaGGRLDXF07MG5Gaj
    Notion OK
  PDF : ATTESTATION JANVIER 2026 RECETTES MME BOUR LUDMANN.pdf | RE: Urgent (location) : documents pour attestation
    -> Pas une facture, ignore
  PDF : LUDMANN Facture N° 26-02-00022711 13_02_2026.pdf | Facture n°26/02-00022711 à la date du 13/02/2026
    -> Facture detectee
    Drive OK : https://drive.google.com/file/d/1h69K31tVievLtzKl-jqZYoFBdpV
    Notion OK
  PDF : INV342504237_A24822620_02192026.pdf | Paiement traité pour 5124603268
    -> Facture detectee
    Drive OK : https://drive.google.com/file/d/1URkEspSEVCKyir1NYTThz9CClf4
    Notion OK
  PDF : Invoice_1837.pdf | Votre commande La Petite Fabrique Digitale est en 
    -> Facture detectee
    Drive OK : https://drive.google.com/file/d/1_lGYzE9mYgAbaGQFtXJoPNhhF7z
    Notion OK
  PDF : justificatif virement_ROUPIN OLIVIER_02_03_2026.pdf | Re: Réservation de tes prochains cours de chant :)
    -> Pas une facture, ignore
  PDF : Facture N° R-006361 16_12_2025.pdf | 020410 - Facture Bac Audit Conseil
    -> Facture detectee
    Drive OK : https://drive.google.com/file/d/1X10KB4XF4ThkXAc_xtY9lhnUpjI
    Notion OK
  PDF : Facture_N_F2026_00120.pdf | RE: Promo STAGE de chant 🎤🔥 75€ au lieu de 150€ [A
    -> Facture detectee
    Drive OK : https://drive.google.com/file/d/1jA14usmINII3119gCcy98IgsNf1
    Notion OK
  PDF : Reçus de paiement Whisper 01&02_26.pdf | Re: Important : factures + demande report réservat
    -> Facture detectee
    Drive OK : https://drive.google.com/file/d/1IOvNRsEiiEVNpk4g0GoEzb3NV6U
    Notion OK
  PDF : Reçus de paiement Whisper 03_26.pdf | Re: Important : factures + demande report réservat
    -> Facture detectee
    Drive OK : https://drive.google.com/file/d/12O9myP3OdaMKP7OuTchRmJyapYK
    Notion OK
  PDF : ATTESTATION FEVRIER 2026 RECETTES MME BOUR LUDMANN.pdf | RE: Justificatif février + Urssaf
    -> Pas une facture, ignore
  PDF : Facture_N_F2026_00120.pdf | Re: Conciergerie - Votre facture de janvier
    -> Facture detectee
    Drive OK : https://drive.google.com/file/d/1Eo-P9V8P7-mzJ9tDiVlnO0Qj876
    Notion MAJ lien Drive OK
  PDF : invoice_17205546.pdf | Your receipt from Calendly LLC
    -> Facture detectee
    Drive OK : https://drive.google.com/file/d/1gEwHfUqnOzJzY0qaSYqGB_TRqLx
    Notion OK
  PDF : 2195250-1773653392-728.pdf | We have received your payment
    -> Pas une facture, ignore
  PDF : Invoice-GLBVBA3V-0001.pdf | Your receipt from Celonis Inc. #2264-1361
    -> Facture detectee
    Drive OK : https://drive.google.com/file/d/1QJGq0ggEj-yhNliAPnRwn3HF8OF
    Notion OK
  PDF : Receipt-2264-1361.pdf | Your receipt from Celonis Inc. #2264-1361
    -> Facture detectee
    Drive OK : https://drive.google.com/file/d/1z3Xw4utBkYss6PF5AtyOjA2Lq-l
    Notion OK
  PDF : LUDMANN Facture N° 26-03-00023011 18_03_2026.pdf | Facture n°26/03-00023011 à la date du 18/03/2026
    -> Facture detectee
    Drive OK : https://drive.google.com/file/d/1Mee9KdVC_cxKzWiArQoVvcx9l9k
    Notion OK
  PDF : Invoice_1854.pdf | Votre commande La Petite Fabrique Digitale est en 
    -> Facture detectee
    Drive OK : https://drive.google.com/file/d/1qcqgMGDR1Kht7VV2aZqBT2CLcQg
    Notion OK
  PDF : Reçus de paiement Whisper 03_26.pdf | Re: Facture mars 2026
    -> Facture detectee
    Drive OK : https://drive.google.com/file/d/1bYOBffYmaayP0GBKfNHC7lAjJYR
    Notion MAJ lien Drive OK
  PDF : INV346480087_A24822620_03192026.pdf | Paiement traité pour 5124603268
    -> Facture detectee
    Drive OK : https://drive.google.com/file/d/13uuqort6U6WAxxm1DD4nOWwWkc8
    Notion OK
  PDF : Concert_27_03.jpeg | Invitation Cathédrale au concert solidaire caritat
    -> Facture detectee
    Drive OK : https://drive.google.com/file/d/1_y3Da7Ok_XXWXZxYsJDHVyOuHtc
    Notion OK
  PDF : Kyiv.jpeg | Invitation Cathédrale au concert solidaire caritat
    -> Facture detectee
    Drive OK : https://drive.google.com/file/d/1TmagxZEme-MicXuLIh2AKsZ2D1f
    Notion OK
  PDF : ChloeLudmann_conditions d'utilisation_2026.pdf | Cours de chant : informations :)
    -> Pas une facture, ignore
  PDF : Ici Rennes Métropole n-26 -Avril 2026.pdf | ICI RENNES
    -> Pas une facture, ignore
  PDF : ChloeLudmann_conditions d'utilisation_2026.pdf | Cours de chant : informations :)
    -> Pas une facture, ignore
  PDF : CABARET-MOUSTACHE-Groupes-3VoletsA4-07-2025-V02.pdf | POUR VOUS REUNIR/ LE CABARET MOUSTACHE PRES DE REN
    -> Pas une facture, ignore
  PDF : LUDMANN Facture N° 26-04-00023421 16_04_2026.pdf | Facture n°26/04-00023421 à la date du 16/04/2026
    -> Facture detectee
    Drive OK : https://drive.google.com/file/d/1nR8affpge_3fKQfc4KdngM5UwRJ
    Notion OK
  PDF : Invoice_1860.pdf | Votre commande La Petite Fabrique Digitale est en 
    -> Facture detectee
    Drive OK : https://drive.google.com/file/d/1BKFXCnnxH9p3Ohwv2QEDFGorBSh
    Notion OK
  PDF : INV350590010_A24822620_04192026.pdf | Paiement traité pour 5124603268
    -> Facture detectee
    Drive OK : https://drive.google.com/file/d/1RrnCWEgQmqpoAH5MuRruY59ZC70
    Notion OK
  PDF : ATTESTATION RECETTES 032026.pdf | Attestation recettes 032026
    -> Pas une facture, ignore
  PDF : Facture N° R-006361 16_12_2025.pdf | TR: 020410 - Facture Bac Audit Conseil / Relance 2
    -> Facture detectee
    Drive OK : https://drive.google.com/file/d/1k0iRvVtKyP_Vlv8IsbJQA91UDrW
    Notion MAJ lien Drive OK
  PDF : Reçus de paiement Whisper 04_26.pdf | Facture avril 26
    -> Facture detectee
    Drive OK : https://drive.google.com/file/d/1y1ibGCfMC32fKxQI9weGXkhxbyW
    Notion OK
  PDF : 378735-ludmann-chloe-bac-signe-20102025.pdf | RE: 020410 - Facture Bac Audit Conseil / Relance 2
    -> Facture detectee
    Drive OK : https://drive.google.com/file/d/1uchZZ3mvc5C4jYCoZpwgHbV5Qp0
    Notion OK
  PDF : Facture_N°_R-006361_16_12_2025_Chloe_Ludmann_contact@chloeludmann.fr.pdf | RE: 020410 - Facture Bac Audit Conseil / Relance 2
    -> Facture detectee
    Drive OK : https://drive.google.com/file/d/17l-Db5tlCTzem3CKmfpfK55dwwx
    Notion OK
  PDF : Reçus de paiement Whisper 05_26.pdf | Facture mai 26
    -> Facture detectee
    Drive OK : https://drive.google.com/file/d/1zMQ3LjLRoELqd-Gx-3nLpwL6Dtx
    Notion OK
  PDF : LUDMANN Facture N° 26-05-00023971 18_05_2026.pdf | Facture n°26/05-00023971 à la date du 18/05/2026
    -> Facture detectee
    Drive OK : https://drive.google.com/file/d/1M9WBIEx9L37xrK9__HfnNgQBOIB
    Notion OK
  PDF : INV354843341_A24822620_05192026.pdf | Paiement traité pour 5124603268
    -> Facture detectee
    Drive OK : https://drive.google.com/file/d/1BaJhkY1nxlVz_-_5LW4n4Mb4Ikd
    Notion OK
  PDF : ChloéLudmann_conditionsutilisation_2026.pdf | Inscriptions 2026-27 : validation créneaux avant 1
    -> Pas une facture, ignore
  PDF : ChloéLudmann_conditionsutilisation_2026.pdf | Inscriptions 2026-27 : validation créneaux avant 1
    -> Pas une facture, ignore
  PDF : ChloéLudmann_conditionsutilisation_2026.pdf | Inscriptions 2026-27 : validation créneaux avant 1
    -> Pas une facture, ignore
  PDF : ChloéLudmann_conditionsutilisation_2026.pdf | Inscriptions 2026-27 : validation créneaux avant 1
    -> Pas une facture, ignore
  PDF : confirmation renouvellement .pdf | Re: Inscriptions 2026-27 : validation créneaux ava
    -> Pas une facture, ignore
  PDF : facture-Garmin.pdf | Nouvelle facture - Test
    -> Facture detectee
    Drive OK : https://drive.google.com/file/d/10SjY0o40RTBSMCto-wqjNY32YeN
    Notion OK
  PDF : Tarifs plateforme agréée 2026 achats.pdf | Mise en place de la plateforme agrée 01/09/2026
    -> Pas une facture, ignore
  PDF : Fiche_info9 Prof libérale.pdf | [SPAM] Plateforme agréée - profession libérale
    -> Pas une facture, ignore
  PDF : ChloéLudmann_conditionsutilisation_2026.pdf | Rappel (avant 1er juin) - Inscriptions 2026-27 : v
    -> Pas une facture, ignore

[Infomaniak Whisper] Connexion a mail.infomaniak.com...
  78 email(s) non lu(s)
  PDF : avis_de_situation (1) (3).pdf | Re: Chorale Whisper :)
    -> Pas une facture, ignore

[Gmail OAuth] Connexion via token.json...
  24 email(s) avec pieces jointes
  PDF : Facture-202605-32.pdf | Nouvelle facture n°202605-32 de Christophe Briz EI
    -> Facture detectee
    Drive OK : https://drive.google.com/file/d/1980PFLzK-rn9-cBIm-BBi-GNWL9
    Notion OK
  PDF : CarteEmbarquement.pdf | Votre carte d'embarquement
    -> Pas une facture, ignore
  PDF : 7253652_BAIGENSIGNETOUS_6a10d88677bec.pdf | Mon Espace Location : Votre bail de location signé
    -> Pas une facture, ignore
  PDF : 7253649_BAIANNFUSSIGNETOUS_6a10d88674770.pdf | Mon Espace Location : Votre bail de location signé
    -> Pas une facture, ignore
  PDF : Q U I T TA N C E D E L O Y E R.pdf | quittance et planning
    -> Pas une facture, ignore

Termine.
[reset] Connexion a ssl0.ovh.net (contact@chloeludmann.fr)...
  23 emails remis en non-lu : Your receipt from Calendly LLC
  11 emails remis en non-lu : 5124603268
[reset] 34 emails non lus au total


[OVH Chloe] Connexion a ssl0.ovh.net...
  2 email(s) non lu(s)
  PDF : facture_2026_06_01.pdf | Facturation leçons individuelles de Feldenkrais
    -> Facture detectee
    Drive OK : https://drive.google.com/file/d/1FNgD9pJYAIXmU5JOhR1BwHLAU-L
    Notion OK

[Infomaniak Whisper] Connexion a mail.infomaniak.com...
  0 email(s) non lu(s)

[Gmail OAuth] Connexion via token.json...
  35 email(s) avec pieces jointes
  PDF : mandat-de-prelevement-gaz.pdf | Votre contrat de gaz Octopus Energy
    -> Pas une facture, ignore
  PDF : grille-tarifaire.pdf | Votre contrat de gaz Octopus Energy
    -> Pas une facture, ignore
  PDF : conditions-generales-de-vente.pdf | Votre contrat de gaz Octopus Energy
    -> Pas une facture, ignore
  PDF : attestation-de-contrat-gaz.pdf | Votre contrat de gaz Octopus Energy
    -> Pas une facture, ignore
  PDF : mandat-de-prelevement-electricite.pdf | Votre contrat d'électricité Octopus Energy
    -> Pas une facture, ignore
  PDF : grille-tarifaire.pdf | Votre contrat d'électricité Octopus Energy
    -> Pas une facture, ignore
  PDF : conditions-generales-de-vente.pdf | Votre contrat d'électricité Octopus Energy
    -> Pas une facture, ignore
  PDF : attestation-de-contrat.pdf | Votre contrat d'électricité Octopus Energy
    -> Pas une facture, ignore
  PDF : complete.pdf | Votre état des lieux
    -> Pas une facture, ignore
  PDF : photo.pdf | Votre état des lieux
    -> Pas une facture, ignore
  PDF : Facture-202606-36.pdf | Nouvelle facture n°202606-36 de Christophe Briz EI
    -> Facture detectee
    Drive OK : https://drive.google.com/file/d/1umqNvK4t71KUYlWaF-O-_nAd_WT
    Notion OK
  PDF : Devoir de conseils.pdf | Notre devis pour votre Association
    -> Pas une facture, ignore
  PDF : Devis.pdf | Notre devis pour votre Association
    -> Pas une facture, ignore
  PDF : Formulaire.pdf | Notre devis pour votre Association
    -> Pas une facture, ignore
  PDF : IPID.pdf | Notre devis pour votre Association
    -> Pas une facture, ignore
  PDF : Conditions Générales.pdf | Notre devis pour votre Association
    -> Pas une facture, ignore
  PDF : Argumentaire.pdf | Notre devis pour votre Association
    -> Pas une facture, ignore
  PDF : dd-instruction-A-38057B1B-MD01KT8WHEXVDGT18JB7R17R3TCQ.pdf | Confirmation de signature de votre mandat de prélè
    -> Pas une facture, ignore
  PDF : dd-instruction-A-38057B1B-MD01KT8WHEBXMSEJT72YT5YS8RWE.pdf | Confirmation de signature de votre mandat de prélè
    -> Pas une facture, ignore
  PDF : grille-tarifaire.pdf | Dernière étape pour finaliser votre souscription
    -> Pas une facture, ignore
  PDF : grille-tarifaire.pdf | Dernière étape pour finaliser votre souscription
    -> Pas une facture, ignore
  PDF : Facture_4544542.pdf | Ta commande a été envoyée
    -> Facture detectee
    Drive OK : https://drive.google.com/file/d/1Um19pBANe3W-fZ0yCfx0BVchl56
    Notion OK
  PDF : Infos droit de rétractation_4544542.pdf | Ta commande a été envoyée
    -> Pas une facture, ignore
  PDF : Formulaire de rétractation_4544542.pdf | Ta commande a été envoyée
    -> Pas une facture, ignore
  PDF : ÉtiquetteDeRetour_4544542.pdf | Ta commande a été envoyée
    -> Pas une facture, ignore
  PDF : Bon de livraison_4544542.pdf | Ta commande a été envoyée
    -> Pas une facture, ignore
  PDF : AGB IT 2.29.0.pdf | Ta commande a été envoyée
    -> Pas une facture, ignore
  PDF : INVOICE_CFR002300185.pdf | Facture pour la commande Levi’s # 1149596073
    -> Facture detectee
    Drive OK : https://drive.google.com/file/d/1zaXdVpFifSvl-amPp_pqFsbLNS3
    Notion OK
  PDF : 6a1ef0fa66e89SEPASIGNE.pdf | Mon Espace Location : Mise en place du paiement pa
    -> Pas une facture, ignore
  PDF : Attestation Incendie - Dégât des eaux-BF8338737.pdf | Attestation(s) d’assurance de Mle Chloe BOUR
    -> Pas une facture, ignore
  PDF : Devoir de conseil Assurance Habitation (non signé).pdf | Un nouveau message est disponible dans votre espac
    -> Pas une facture, ignore
  PDF : Conditions Générales de la signature électronique.pdf | Un nouveau message est disponible dans votre espac
    -> Pas une facture, ignore
  PDF : Conditions Générales MRH20.pdf | Un nouveau message est disponible dans votre espac
    -> Pas une facture, ignore
  PDF : IPID MRH20.pdf | Un nouveau message est disponible dans votre espac
    -> Pas une facture, ignore
  PDF : Annexe Assistance à domicile.pdf | Un nouveau message est disponible dans votre espac
    -> Pas une facture, ignore
  PDF : Devis Assurance.pdf | Un nouveau message est disponible dans votre espac
    -> Pas une facture, ignore
  PDF : invoice-4329059-2026-06-02.pdf | Reçu de paiement pour le programme de rent-to-own 
    -> Facture detectee
    Drive OK : https://drive.google.com/file/d/15aDxH3fPMs8K4D3d9t09-hGwciP
    Notion OK
  PDF : conditions-générales-de-vente.pdf | Reçu de paiement pour le programme de rent-to-own 
    -> Pas une facture, ignore
  PDF : informations-sur-les-conditions-de-rétractation-à-lintention-des-consommateurs.pdf | Reçu de paiement pour le programme de rent-to-own 
    -> Pas une facture, ignore
  PDF : CGV_FR.pdf | Votre commande Eric Favre est enregistrée ! 
    -> Pas une facture, ignore
  PDF : Facture-202605-32.pdf | Nouvelle facture n°202605-32 de Christophe Briz EI
    -> Facture detectee
    Drive OK : https://drive.google.com/file/d/1jd-6DDFS5nv-JaikRi1ZBkYAXPi
    Notion MAJ lien Drive OK

Termine.
[reset] Connexion a ssl0.ovh.net (contact@chloeludmann.fr)...
  23 emails remis en non-lu : Your receipt from Calendly LLC
  11 emails remis en non-lu : 5124603268
[reset] 34 emails non lus au total


[OVH Chloe] Connexion a ssl0.ovh.net...
  55 email(s) non lu(s)

[Infomaniak Whisper] Connexion a mail.infomaniak.com...
  0 email(s) non lu(s)

[Gmail OAuth] Connexion via token.json...
  17 email(s) avec pieces jointes
  PDF : Women of Science CMI Rennes-1.pdf | [eso-rennes ] Fwd: [Recherche - DRV] Evenement "Wo
    -> Pas une facture, ignore
  PDF : CAPS Automn School 2026_FR.pdf | [eso-rennes ] [caps_sec] Autumn School CAPS « Micr
    -> Pas une facture, ignore
  PDF : mandat-de-prelevement-gaz.pdf | Votre contrat de gaz Octopus Energy
    -> Pas une facture, ignore
  PDF : grille-tarifaire.pdf | Votre contrat de gaz Octopus Energy
    -> Pas une facture, ignore
  PDF : conditions-generales-de-vente.pdf | Votre contrat de gaz Octopus Energy
    -> Pas une facture, ignore
  PDF : attestation-de-contrat-gaz.pdf | Votre contrat de gaz Octopus Energy
    -> Pas une facture, ignore
  PDF : mandat-de-prelevement-electricite.pdf | Votre contrat d'électricité Octopus Energy
    -> Pas une facture, ignore
  PDF : grille-tarifaire.pdf | Votre contrat d'électricité Octopus Energy
    -> Pas une facture, ignore
  PDF : conditions-generales-de-vente.pdf | Votre contrat d'électricité Octopus Energy
    -> Pas une facture, ignore
  PDF : attestation-de-contrat.pdf | Votre contrat d'électricité Octopus Energy
    -> Pas une facture, ignore
  PDF : complete.pdf | Votre état des lieux
    -> Pas une facture, ignore
  PDF : photo.pdf | Votre état des lieux
    -> Pas une facture, ignore

Termine.
[reset] Connexion a ssl0.ovh.net (contact@chloeludmann.fr)...
  23 emails remis en non-lu : Your receipt from Calendly LLC
  12 emails remis en non-lu : 5124603268
[reset] 35 emails non lus au total


[OVH Chloe] Connexion a ssl0.ovh.net...
  1 email(s) non lu(s)
  PDF : INV358850553_A24822620_06192026.pdf | Paiement traité pour 5124603268
    -> Facture detectee
    Drive OK : https://drive.google.com/file/d/1D3Ms1hsp7uaY5Rv8rq_qLOLrZQI
    Notion OK

[Infomaniak Whisper] Connexion a mail.infomaniak.com...
  0 email(s) non lu(s)

[Gmail OAuth] Connexion via token.json...
  23 email(s) avec pieces jointes
  PDF : Facture-202606-40.pdf | Nouvelle facture n°202606-40 de Christophe Briz EI
    -> Facture detectee
    Drive OK : https://drive.google.com/file/d/1zyku-M9af_2HnrAJQxq2kggi1Qk
    Notion OK
  PDF : 52917d67-ef34-42d3-9ece-1cb89a7e6c73.pdf | Votre ticket 288
    -> Pas une facture, ignore
  PDF : Guide d'entrée sur le centre.pdf | stockerseul.com
    -> Pas une facture, ignore
  PDF : Women of Science CMI Rennes-1.pdf | [eso-rennes ] Fwd: [Recherche - DRV] Evenement "Wo
    -> Pas une facture, ignore

Termine.
[reset] Connexion a ssl0.ovh.net (contact@chloeludmann.fr)...
  23 emails remis en non-lu : Your receipt from Calendly LLC
  12 emails remis en non-lu : 5124603268
[reset] 35 emails non lus au total


[OVH Chloe] Connexion a ssl0.ovh.net...
  3 email(s) non lu(s)
  PDF : INV358850553_A24822620_06192026.pdf | Paiement traité pour 5124603268
    -> Facture detectee
    Drive OK : https://drive.google.com/file/d/1WpBqQ4odjeL3HlxM-ZsiDhvkqC3
    Notion MAJ lien Drive OK

[Infomaniak Whisper] Connexion a mail.infomaniak.com...
  0 email(s) non lu(s)

[Gmail OAuth] Connexion via token.json...
  33 email(s) avec pieces jointes
  PDF : 23a8f2a3-71b5-4b1d-9375-3c8a12bc7204.pdf | Votre ticket 91
    -> Pas une facture, ignore
  PDF : 1531.pdf | Facture Acquittée
    -> Facture detectee
    Drive OK : https://drive.google.com/file/d/1XOH-Cw50DCvApAkfcTFlKmeUNV5
    Notion OK
  PDF : 1530.pdf | Facture Acquittée
    -> Facture detectee
    Drive OK : https://drive.google.com/file/d/1JWULk_v15cxkSTWTHlonj2g0BQy
    Notion OK
  PDF : Informations précontractuelles.pdf | Vos informations précontractuelles
    -> Pas une facture, ignore
  PDF : FA549418.pdf | [Drawer] Votre facture Maison du monde
    -> Facture detectee
    Drive OK : https://drive.google.com/file/d/11kq81-VJzfDQuyp6V_JgJkjiceq
    Notion OK
  PDF : AE.PDF | Nouvel avis d'échéance CDC Habitat du 20/06/2026
    -> Pas une facture, ignore
  PDF : Facture-202606-40.pdf | Nouvelle facture n°202606-40 de Christophe Briz EI
    -> Facture detectee
    Drive OK : https://drive.google.com/file/d/1whLzWCuE-Fs06KwiMVHx2c1zjp5
    Notion MAJ lien Drive OK
  PDF : 52917d67-ef34-42d3-9ece-1cb89a7e6c73.pdf | Votre ticket 288
    -> Pas une facture, ignore
  PDF : Guide d'entrée sur le centre.pdf | stockerseul.com
    -> Pas une facture, ignore

Termine.
