[2026-06-18 14:35 UTC] === Surveillance demarree ===
[2026-06-18 14:35 UTC] [OK] Webhook Calendly f4b53d6c... : active
[2026-06-18 14:35 UTC] [OK] SMTP : mail de test envoye vers boutemy.automatisation@gmail.com
[2026-06-18 14:35 UTC] [OK] Tous les checks passes — aucune alerte
[2026-06-18 14:35 UTC] === Surveillance terminee ===
[2026-06-19 07:00 UTC] === Surveillance demarree ===
[2026-06-19 07:00 UTC] [OK] Webhook Calendly f4b53d6c... : active
[2026-06-19 07:00 UTC] [OK] SMTP : mail de test envoye vers boutemy.automatisation@gmail.com
[2026-06-19 07:00 UTC] [OK] Tous les checks passes — aucune alerte
[2026-06-19 07:00 UTC] === Surveillance terminee ===
[2026-06-19 07:00 UTC] === Surveillance demarree ===
[2026-06-19 07:00 UTC] [OK] Webhook Calendly f4b53d6c... : active
[2026-06-19 07:00 UTC] [OK] SMTP : mail de test envoye vers boutemy.automatisation@gmail.com
[2026-06-19 07:00 UTC] [OK] Tous les checks passes — aucune alerte
[2026-06-19 07:00 UTC] === Surveillance terminee ===
[2026-06-20 07:00 UTC] === Surveillance demarree ===
[2026-06-20 07:00 UTC] [OK] Webhook Calendly f4b53d6c... : active
[2026-06-20 07:00 UTC] [OK] SMTP : mail de test envoye vers boutemy.automatisation@gmail.com
[2026-06-20 07:00 UTC] [OK] Tous les checks passes — aucune alerte
[2026-06-20 07:00 UTC] === Surveillance terminee ===
[2026-06-20 07:00 UTC] === Surveillance demarree ===
[2026-06-20 07:00 UTC] [OK] Webhook Calendly f4b53d6c... : active
[2026-06-20 07:00 UTC] [OK] SMTP : mail de test envoye vers boutemy.automatisation@gmail.com
[2026-06-20 07:00 UTC] [OK] Tous les checks passes — aucune alerte
[2026-06-20 07:00 UTC] === Surveillance terminee ===
[2026-06-21 07:00 UTC] === Surveillance demarree ===
[2026-06-21 07:00 UTC] [OK] Webhook Calendly f4b53d6c... : active
[2026-06-21 07:00 UTC] [OK] SMTP : mail de test envoye vers boutemy.automatisation@gmail.com
[2026-06-21 07:00 UTC] [OK] Tous les checks passes — aucune alerte
[2026-06-21 07:00 UTC] === Surveillance terminee ===
[2026-06-21 07:00 UTC] === Surveillance demarree ===
[2026-06-21 07:00 UTC] [OK] Webhook Calendly f4b53d6c... : active
[2026-06-21 07:00 UTC] [OK] SMTP : mail de test envoye vers boutemy.automatisation@gmail.com
[2026-06-21 07:00 UTC] [OK] Tous les checks passes — aucune alerte
[2026-06-21 07:00 UTC] === Surveillance terminee ===
[2026-06-22 07:00 UTC] === Surveillance demarree ===
[2026-06-22 07:00 UTC] [OK] Webhook Calendly f4b53d6c... : active
[2026-06-22 07:00 UTC] [OK] SMTP : mail de test envoye vers boutemy.automatisation@gmail.com
[2026-06-22 07:00 UTC] [OK] Tous les checks passes — aucune alerte
[2026-06-22 07:00 UTC] === Surveillance terminee ===
[2026-06-22 07:00 UTC] === Surveillance demarree ===
[2026-06-22 07:00 UTC] [OK] Webhook Calendly f4b53d6c... : active
[2026-06-22 07:00 UTC] [OK] SMTP : mail de test envoye vers boutemy.automatisation@gmail.com
[2026-06-22 07:00 UTC] [OK] Tous les checks passes — aucune alerte
[2026-06-22 07:00 UTC] === Surveillance terminee ===
[2026-06-23 07:00 UTC] === Surveillance demarree ===
[2026-06-23 07:00 UTC] [OK] Webhook Calendly f4b53d6c... : active
[2026-06-23 07:00 UTC] [OK] SMTP : mail de test envoye vers boutemy.automatisation@gmail.com
[2026-06-23 07:00 UTC] [OK] Tous les checks passes — aucune alerte
[2026-06-23 07:00 UTC] === Surveillance terminee ===
[2026-06-23 07:00 UTC] === Surveillance demarree ===
[2026-06-23 07:00 UTC] [OK] Webhook Calendly f4b53d6c... : active
[2026-06-23 07:00 UTC] [OK] SMTP : mail de test envoye vers boutemy.automatisation@gmail.com
[2026-06-23 07:00 UTC] [OK] Tous les checks passes — aucune alerte
[2026-06-23 07:00 UTC] === Surveillance terminee ===
[2026-06-24 07:00 UTC] === Surveillance demarree ===
[2026-06-24 07:00 UTC] [OK] Webhook Calendly f4b53d6c... : active
[2026-06-24 07:00 UTC] [OK] SMTP : mail de test envoye vers boutemy.automatisation@gmail.com
[2026-06-24 07:00 UTC] [OK] Tous les checks passes — aucune alerte
[2026-06-24 07:00 UTC] === Surveillance terminee ===
[2026-06-24 07:00 UTC] === Surveillance demarree ===
[2026-06-24 07:00 UTC] [OK] Webhook Calendly f4b53d6c... : active
[2026-06-24 07:00 UTC] [OK] SMTP : mail de test envoye vers boutemy.automatisation@gmail.com
[2026-06-24 07:00 UTC] [OK] Tous les checks passes — aucune alerte
[2026-06-24 07:00 UTC] === Surveillance terminee ===
[2026-06-25 07:00 UTC] === Surveillance demarree ===
[2026-06-25 07:00 UTC] [OK] Webhook Calendly f4b53d6c... : active
[2026-06-25 07:00 UTC] [OK] SMTP : mail de test envoye vers boutemy.automatisation@gmail.com
[2026-06-25 07:00 UTC] [OK] Tous les checks passes — aucune alerte
[2026-06-25 07:00 UTC] === Surveillance terminee ===
[2026-06-25 07:00 UTC] === Surveillance demarree ===
[2026-06-25 07:00 UTC] [OK] Webhook Calendly f4b53d6c... : active
[2026-06-25 07:00 UTC] [OK] SMTP : mail de test envoye vers boutemy.automatisation@gmail.com
[2026-06-25 07:00 UTC] [OK] Tous les checks passes — aucune alerte
[2026-06-25 07:00 UTC] === Surveillance terminee ===
[2026-06-25 08:00 UTC] === Surveillance demarree ===
[2026-06-25 08:00 UTC] [OK] Webhook Calendly 4933b368... : active
[2026-06-25 08:00 UTC] [OK] SMTP : mail de test envoye vers boutemy.automatisation@gmail.com
[2026-06-25 08:00 UTC] [OK] Tous les checks passes — aucune alerte
[2026-06-25 08:00 UTC] === Surveillance terminee ===
[2026-06-25 08:00 UTC] === Surveillance demarree ===
[2026-06-25 08:00 UTC] [OK] Webhook Calendly 4933b368... : active
[2026-06-25 08:00 UTC] [OK] SMTP : mail de test envoye vers boutemy.automatisation@gmail.com
[2026-06-25 08:00 UTC] [OK] Tous les checks passes — aucune alerte
[2026-06-25 08:00 UTC] === Surveillance terminee ===
[2026-06-25 12:00 UTC] === Surveillance demarree ===
[2026-06-25 12:00 UTC] [OK] Webhook Calendly 4933b368... : active
[2026-06-25 12:00 UTC] [OK] SMTP : mail de test envoye vers boutemy.automatisation@gmail.com
[2026-06-25 12:00 UTC] [OK] Tous les checks passes — aucune alerte
[2026-06-25 12:00 UTC] === Surveillance terminee ===
[2026-06-25 12:00 UTC] === Surveillance demarree ===
[2026-06-25 12:00 UTC] [OK] Webhook Calendly 4933b368... : active
[2026-06-25 12:00 UTC] [OK] SMTP : mail de test envoye vers boutemy.automatisation@gmail.com
[2026-06-25 12:00 UTC] [OK] Tous les checks passes — aucune alerte
[2026-06-25 12:00 UTC] === Surveillance terminee ===
[2026-06-25 16:00 UTC] === Surveillance demarree ===
[2026-06-25 16:00 UTC] [OK] Webhook Calendly 4933b368... : active
[2026-06-25 16:00 UTC] [OK] SMTP : mail de test envoye vers boutemy.automatisation@gmail.com
[2026-06-25 16:00 UTC] [OK] Tous les checks passes — aucune alerte
[2026-06-25 16:00 UTC] === Surveillance terminee ===
[2026-06-25 16:00 UTC] === Surveillance demarree ===
[2026-06-25 16:00 UTC] [OK] Webhook Calendly 4933b368... : active
[2026-06-25 16:00 UTC] [OK] SMTP : mail de test envoye vers boutemy.automatisation@gmail.com
[2026-06-25 16:00 UTC] [OK] Tous les checks passes — aucune alerte
[2026-06-25 16:00 UTC] === Surveillance terminee ===
[2026-06-25 20:00 UTC] === Surveillance demarree ===
[2026-06-25 20:00 UTC] [OK] Webhook Calendly 4933b368... : active
[2026-06-25 20:00 UTC] [OK] SMTP : mail de test envoye vers boutemy.automatisation@gmail.com
[2026-06-25 20:00 UTC] [OK] Tous les checks passes — aucune alerte
[2026-06-25 20:00 UTC] === Surveillance terminee ===
[2026-06-25 20:00 UTC] === Surveillance demarree ===
[2026-06-25 20:00 UTC] [OK] Webhook Calendly 4933b368... : active
[2026-06-25 20:00 UTC] [OK] SMTP : mail de test envoye vers boutemy.automatisation@gmail.com
[2026-06-25 20:00 UTC] [OK] Tous les checks passes — aucune alerte
[2026-06-25 20:00 UTC] === Surveillance terminee ===
[2026-06-26 00:00 UTC] === Surveillance demarree ===
[2026-06-26 00:00 UTC] [OK] Webhook Calendly 4933b368... : active
[2026-06-26 00:00 UTC] [OK] SMTP : mail de test envoye vers boutemy.automatisation@gmail.com
[2026-06-26 00:00 UTC] [OK] Tous les checks passes — aucune alerte
[2026-06-26 00:00 UTC] === Surveillance terminee ===
[2026-06-26 00:00 UTC] === Surveillance demarree ===
[2026-06-26 00:00 UTC] [OK] Webhook Calendly 4933b368... : active
[2026-06-26 00:00 UTC] [OK] SMTP : mail de test envoye vers boutemy.automatisation@gmail.com
[2026-06-26 00:00 UTC] [OK] Tous les checks passes — aucune alerte
[2026-06-26 00:00 UTC] === Surveillance terminee ===
[2026-06-26 04:00 UTC] === Surveillance demarree ===
[2026-06-26 04:00 UTC] [OK] Webhook Calendly 4933b368... : active
[2026-06-26 04:00 UTC] [OK] SMTP : mail de test envoye vers boutemy.automatisation@gmail.com
[2026-06-26 04:00 UTC] [OK] Tous les checks passes — aucune alerte
[2026-06-26 04:00 UTC] === Surveillance terminee ===
[2026-06-26 04:00 UTC] === Surveillance demarree ===
[2026-06-26 04:00 UTC] [OK] Webhook Calendly 4933b368... : active
[2026-06-26 04:00 UTC] [OK] SMTP : mail de test envoye vers boutemy.automatisation@gmail.com
[2026-06-26 04:00 UTC] [OK] Tous les checks passes — aucune alerte
[2026-06-26 04:00 UTC] === Surveillance terminee ===
[2026-06-26 08:00 UTC] === Surveillance demarree ===
[2026-06-26 08:00 UTC] [OK] Webhook Calendly 4933b368... : active
[2026-06-26 08:00 UTC] [OK] SMTP : mail de test envoye vers boutemy.automatisation@gmail.com
[2026-06-26 08:00 UTC] [OK] Tous les checks passes — aucune alerte
[2026-06-26 08:00 UTC] === Surveillance terminee ===
[2026-06-26 08:00 UTC] === Surveillance demarree ===
[2026-06-26 08:00 UTC] [OK] Webhook Calendly 4933b368... : active
[2026-06-26 08:00 UTC] [OK] SMTP : mail de test envoye vers boutemy.automatisation@gmail.com
[2026-06-26 08:00 UTC] [OK] Tous les checks passes — aucune alerte
[2026-06-26 08:00 UTC] === Surveillance terminee ===
[2026-06-26 12:00 UTC] === Surveillance demarree ===
[2026-06-26 12:00 UTC] [OK] Webhook Calendly 4933b368... : active
[2026-06-26 12:00 UTC] [OK] SMTP : mail de test envoye vers boutemy.automatisation@gmail.com
[2026-06-26 12:00 UTC] [OK] Tous les checks passes — aucune alerte
[2026-06-26 12:00 UTC] === Surveillance terminee ===
[2026-06-26 12:00 UTC] === Surveillance demarree ===
[2026-06-26 12:00 UTC] [OK] Webhook Calendly 4933b368... : active
[2026-06-26 12:00 UTC] [OK] SMTP : mail de test envoye vers boutemy.automatisation@gmail.com
[2026-06-26 12:00 UTC] [OK] Tous les checks passes — aucune alerte
[2026-06-26 12:00 UTC] === Surveillance terminee ===
[2026-06-26 16:00 UTC] === Surveillance demarree ===
[2026-06-26 16:00 UTC] [OK] Webhook Calendly 4933b368... : active
[2026-06-26 16:00 UTC] [OK] SMTP : mail de test envoye vers boutemy.automatisation@gmail.com
[2026-06-26 16:00 UTC] [OK] Tous les checks passes — aucune alerte
[2026-06-26 16:00 UTC] === Surveillance terminee ===
[2026-06-26 16:00 UTC] === Surveillance demarree ===
[2026-06-26 16:00 UTC] [OK] Webhook Calendly 4933b368... : active
[2026-06-26 16:00 UTC] [OK] SMTP : mail de test envoye vers boutemy.automatisation@gmail.com
[2026-06-26 16:00 UTC] [OK] Tous les checks passes — aucune alerte
[2026-06-26 16:00 UTC] === Surveillance terminee ===
[2026-06-26 20:00 UTC] === Surveillance demarree ===
[2026-06-26 20:00 UTC] [OK] Webhook Calendly 4933b368... : active
[2026-06-26 20:00 UTC] [OK] SMTP : mail de test envoye vers boutemy.automatisation@gmail.com
[2026-06-26 20:00 UTC] [OK] Tous les checks passes — aucune alerte
[2026-06-26 20:00 UTC] === Surveillance terminee ===
[2026-06-26 20:00 UTC] === Surveillance demarree ===
[2026-06-26 20:00 UTC] [OK] Webhook Calendly 4933b368... : active
[2026-06-26 20:00 UTC] [OK] SMTP : mail de test envoye vers boutemy.automatisation@gmail.com
[2026-06-26 20:00 UTC] [OK] Tous les checks passes — aucune alerte
[2026-06-26 20:00 UTC] === Surveillance terminee ===
[2026-06-27 00:00 UTC] === Surveillance demarree ===
[2026-06-27 00:00 UTC] [OK] Webhook Calendly 4933b368... : active
[2026-06-27 00:00 UTC] [OK] SMTP : mail de test envoye vers boutemy.automatisation@gmail.com
[2026-06-27 00:00 UTC] [OK] Tous les checks passes — aucune alerte
[2026-06-27 00:00 UTC] === Surveillance terminee ===
[2026-06-27 00:00 UTC] === Surveillance demarree ===
[2026-06-27 00:00 UTC] [OK] Webhook Calendly 4933b368... : active
[2026-06-27 00:00 UTC] [OK] SMTP : mail de test envoye vers boutemy.automatisation@gmail.com
[2026-06-27 00:00 UTC] [OK] Tous les checks passes — aucune alerte
[2026-06-27 00:00 UTC] === Surveillance terminee ===
[2026-06-27 04:00 UTC] === Surveillance demarree ===
[2026-06-27 04:00 UTC] [OK] Webhook Calendly 4933b368... : active
[2026-06-27 04:00 UTC] [OK] SMTP : mail de test envoye vers boutemy.automatisation@gmail.com
[2026-06-27 04:00 UTC] [OK] Tous les checks passes — aucune alerte
[2026-06-27 04:00 UTC] === Surveillance terminee ===
[2026-06-27 04:00 UTC] === Surveillance demarree ===
[2026-06-27 04:00 UTC] [OK] Webhook Calendly 4933b368... : active
[2026-06-27 04:00 UTC] [OK] SMTP : mail de test envoye vers boutemy.automatisation@gmail.com
[2026-06-27 04:00 UTC] [OK] Tous les checks passes — aucune alerte
[2026-06-27 04:00 UTC] === Surveillance terminee ===
[2026-06-27 08:00 UTC] === Surveillance demarree ===
[2026-06-27 08:00 UTC] [OK] Webhook Calendly 4933b368... : active
[2026-06-27 08:00 UTC] [OK] SMTP : mail de test envoye vers boutemy.automatisation@gmail.com
[2026-06-27 08:00 UTC] [OK] Tous les checks passes — aucune alerte
[2026-06-27 08:00 UTC] === Surveillance terminee ===
[2026-06-27 08:00 UTC] === Surveillance demarree ===
[2026-06-27 08:00 UTC] [OK] Webhook Calendly 4933b368... : active
[2026-06-27 08:00 UTC] [OK] SMTP : mail de test envoye vers boutemy.automatisation@gmail.com
[2026-06-27 08:00 UTC] [OK] Tous les checks passes — aucune alerte
[2026-06-27 08:00 UTC] === Surveillance terminee ===
[2026-06-27 12:00 UTC] === Surveillance demarree ===
[2026-06-27 12:00 UTC] [OK] Webhook Calendly 4933b368... : active
[2026-06-27 12:00 UTC] [OK] SMTP : mail de test envoye vers boutemy.automatisation@gmail.com
[2026-06-27 12:00 UTC] [OK] Tous les checks passes — aucune alerte
[2026-06-27 12:00 UTC] === Surveillance terminee ===
[2026-06-27 12:00 UTC] === Surveillance demarree ===
[2026-06-27 12:00 UTC] [OK] Webhook Calendly 4933b368... : active
[2026-06-27 12:00 UTC] [OK] SMTP : mail de test envoye vers boutemy.automatisation@gmail.com
[2026-06-27 12:00 UTC] [OK] Tous les checks passes — aucune alerte
[2026-06-27 12:00 UTC] === Surveillance terminee ===
[2026-06-27 16:00 UTC] === Surveillance demarree ===
[2026-06-27 16:00 UTC] [OK] Webhook Calendly 4933b368... : active
[2026-06-27 16:00 UTC] [OK] SMTP : mail de test envoye vers boutemy.automatisation@gmail.com
[2026-06-27 16:00 UTC] [OK] Tous les checks passes — aucune alerte
[2026-06-27 16:00 UTC] === Surveillance terminee ===
[2026-06-27 16:00 UTC] === Surveillance demarree ===
[2026-06-27 16:00 UTC] [OK] Webhook Calendly 4933b368... : active
[2026-06-27 16:00 UTC] [OK] SMTP : mail de test envoye vers boutemy.automatisation@gmail.com
[2026-06-27 16:00 UTC] [OK] Tous les checks passes — aucune alerte
[2026-06-27 16:00 UTC] === Surveillance terminee ===
[2026-06-27 20:00 UTC] === Surveillance demarree ===
[2026-06-27 20:00 UTC] [OK] Webhook Calendly 4933b368... : active
[2026-06-27 20:00 UTC] [OK] SMTP : mail de test envoye vers boutemy.automatisation@gmail.com
[2026-06-27 20:00 UTC] [OK] Tous les checks passes — aucune alerte
[2026-06-27 20:00 UTC] === Surveillance terminee ===
[2026-06-27 20:00 UTC] === Surveillance demarree ===
[2026-06-27 20:00 UTC] [OK] Webhook Calendly 4933b368... : active
[2026-06-27 20:00 UTC] [OK] SMTP : mail de test envoye vers boutemy.automatisation@gmail.com
[2026-06-27 20:00 UTC] [OK] Tous les checks passes — aucune alerte
[2026-06-27 20:00 UTC] === Surveillance terminee ===
[2026-06-28 00:00 UTC] === Surveillance demarree ===
[2026-06-28 00:00 UTC] [OK] Webhook Calendly 4933b368... : active
[2026-06-28 00:00 UTC] [OK] SMTP : mail de test envoye vers boutemy.automatisation@gmail.com
[2026-06-28 00:00 UTC] [OK] Tous les checks passes — aucune alerte
[2026-06-28 00:00 UTC] === Surveillance terminee ===
[2026-06-28 00:00 UTC] === Surveillance demarree ===
[2026-06-28 00:00 UTC] [OK] Webhook Calendly 4933b368... : active
[2026-06-28 00:00 UTC] [OK] SMTP : mail de test envoye vers boutemy.automatisation@gmail.com
[2026-06-28 00:00 UTC] [OK] Tous les checks passes — aucune alerte
[2026-06-28 00:00 UTC] === Surveillance terminee ===
[2026-06-28 04:00 UTC] === Surveillance demarree ===
[2026-06-28 04:00 UTC] [OK] Webhook Calendly 4933b368... : active
[2026-06-28 04:00 UTC] [OK] SMTP : mail de test envoye vers boutemy.automatisation@gmail.com
[2026-06-28 04:00 UTC] [OK] Tous les checks passes — aucune alerte
[2026-06-28 04:00 UTC] === Surveillance terminee ===
[2026-06-28 04:00 UTC] === Surveillance demarree ===
[2026-06-28 04:00 UTC] [OK] Webhook Calendly 4933b368... : active
[2026-06-28 04:00 UTC] [OK] SMTP : mail de test envoye vers boutemy.automatisation@gmail.com
[2026-06-28 04:00 UTC] [OK] Tous les checks passes — aucune alerte
[2026-06-28 04:00 UTC] === Surveillance terminee ===
[2026-06-28 08:00 UTC] === Surveillance demarree ===
[2026-06-28 08:00 UTC] [OK] Webhook Calendly 4933b368... : active
[2026-06-28 08:00 UTC] [OK] SMTP : mail de test envoye vers boutemy.automatisation@gmail.com
[2026-06-28 08:00 UTC] [OK] Tous les checks passes — aucune alerte
[2026-06-28 08:00 UTC] === Surveillance terminee ===
[2026-06-28 08:00 UTC] === Surveillance demarree ===
[2026-06-28 08:00 UTC] [OK] Webhook Calendly 4933b368... : active
[2026-06-28 08:00 UTC] [OK] SMTP : mail de test envoye vers boutemy.automatisation@gmail.com
[2026-06-28 08:00 UTC] [OK] Tous les checks passes — aucune alerte
[2026-06-28 08:00 UTC] === Surveillance terminee ===
[2026-06-28 12:00 UTC] === Surveillance demarree ===
[2026-06-28 12:00 UTC] [OK] Webhook Calendly 4933b368... : active
[2026-06-28 12:00 UTC] [OK] SMTP : mail de test envoye vers boutemy.automatisation@gmail.com
[2026-06-28 12:00 UTC] [OK] Tous les checks passes — aucune alerte
[2026-06-28 12:00 UTC] === Surveillance terminee ===
[2026-06-28 12:00 UTC] === Surveillance demarree ===
[2026-06-28 12:00 UTC] [OK] Webhook Calendly 4933b368... : active
[2026-06-28 12:00 UTC] [OK] SMTP : mail de test envoye vers boutemy.automatisation@gmail.com
[2026-06-28 12:00 UTC] [OK] Tous les checks passes — aucune alerte
[2026-06-28 12:00 UTC] === Surveillance terminee ===
[2026-06-28 16:00 UTC] === Surveillance demarree ===
[2026-06-28 16:00 UTC] [OK] Webhook Calendly 4933b368... : active
[2026-06-28 16:00 UTC] [OK] SMTP : mail de test envoye vers boutemy.automatisation@gmail.com
[2026-06-28 16:00 UTC] [OK] Tous les checks passes — aucune alerte
[2026-06-28 16:00 UTC] === Surveillance terminee ===
[2026-06-28 16:00 UTC] === Surveillance demarree ===
[2026-06-28 16:00 UTC] [OK] Webhook Calendly 4933b368... : active
[2026-06-28 16:00 UTC] [OK] SMTP : mail de test envoye vers boutemy.automatisation@gmail.com
[2026-06-28 16:00 UTC] [OK] Tous les checks passes — aucune alerte
[2026-06-28 16:00 UTC] === Surveillance terminee ===
[2026-06-28 20:00 UTC] === Surveillance demarree ===
[2026-06-28 20:00 UTC] [OK] Webhook Calendly 4933b368... : active
[2026-06-28 20:00 UTC] [OK] SMTP : mail de test envoye vers boutemy.automatisation@gmail.com
[2026-06-28 20:00 UTC] [OK] Tous les checks passes — aucune alerte
[2026-06-28 20:00 UTC] === Surveillance terminee ===
[2026-06-28 20:00 UTC] === Surveillance demarree ===
[2026-06-28 20:00 UTC] [OK] Webhook Calendly 4933b368... : active
[2026-06-28 20:00 UTC] [OK] SMTP : mail de test envoye vers boutemy.automatisation@gmail.com
[2026-06-28 20:00 UTC] [OK] Tous les checks passes — aucune alerte
[2026-06-28 20:00 UTC] === Surveillance terminee ===
[2026-06-29 00:00 UTC] === Surveillance demarree ===
[2026-06-29 00:00 UTC] [OK] Webhook Calendly 4933b368... : active
[2026-06-29 00:00 UTC] [OK] SMTP : mail de test envoye vers boutemy.automatisation@gmail.com
[2026-06-29 00:00 UTC] [OK] Tous les checks passes — aucune alerte
[2026-06-29 00:00 UTC] === Surveillance terminee ===
[2026-06-29 00:00 UTC] === Surveillance demarree ===
[2026-06-29 00:00 UTC] [OK] Webhook Calendly 4933b368... : active
[2026-06-29 00:00 UTC] [OK] SMTP : mail de test envoye vers boutemy.automatisation@gmail.com
[2026-06-29 00:00 UTC] [OK] Tous les checks passes — aucune alerte
[2026-06-29 00:00 UTC] === Surveillance terminee ===
[2026-06-29 04:00 UTC] === Surveillance demarree ===
[2026-06-29 04:00 UTC] [OK] Webhook Calendly 4933b368... : active
[2026-06-29 04:00 UTC] [OK] SMTP : mail de test envoye vers boutemy.automatisation@gmail.com
[2026-06-29 04:00 UTC] [OK] Tous les checks passes — aucune alerte
[2026-06-29 04:00 UTC] === Surveillance terminee ===
[2026-06-29 04:00 UTC] === Surveillance demarree ===
[2026-06-29 04:00 UTC] [OK] Webhook Calendly 4933b368... : active
[2026-06-29 04:00 UTC] [OK] SMTP : mail de test envoye vers boutemy.automatisation@gmail.com
[2026-06-29 04:00 UTC] [OK] Tous les checks passes — aucune alerte
[2026-06-29 04:00 UTC] === Surveillance terminee ===
[2026-06-29 08:00 UTC] === Surveillance demarree ===
[2026-06-29 08:00 UTC] [OK] Webhook Calendly 4933b368... : active
[2026-06-29 08:00 UTC] [OK] SMTP : mail de test envoye vers boutemy.automatisation@gmail.com
[2026-06-29 08:00 UTC] [OK] Tous les checks passes — aucune alerte
[2026-06-29 08:00 UTC] === Surveillance terminee ===
[2026-06-29 08:00 UTC] === Surveillance demarree ===
[2026-06-29 08:00 UTC] [OK] Webhook Calendly 4933b368... : active
[2026-06-29 08:00 UTC] [OK] SMTP : mail de test envoye vers boutemy.automatisation@gmail.com
[2026-06-29 08:00 UTC] [OK] Tous les checks passes — aucune alerte
[2026-06-29 08:00 UTC] === Surveillance terminee ===
[2026-06-29 12:00 UTC] === Surveillance demarree ===
[2026-06-29 12:00 UTC] [OK] Webhook Calendly 4933b368... : active
[2026-06-29 12:00 UTC] [OK] SMTP : mail de test envoye vers boutemy.automatisation@gmail.com
[2026-06-29 12:00 UTC] [OK] Tous les checks passes — aucune alerte
[2026-06-29 12:00 UTC] === Surveillance terminee ===
[2026-06-29 12:00 UTC] === Surveillance demarree ===
[2026-06-29 12:00 UTC] [OK] Webhook Calendly 4933b368... : active
[2026-06-29 12:00 UTC] [OK] SMTP : mail de test envoye vers boutemy.automatisation@gmail.com
[2026-06-29 12:00 UTC] [OK] Tous les checks passes — aucune alerte
[2026-06-29 12:00 UTC] === Surveillance terminee ===
[2026-06-29 16:00 UTC] === Surveillance demarree ===
[2026-06-29 16:00 UTC] [OK] Webhook Calendly 4933b368... : active
[2026-06-29 16:00 UTC] [OK] SMTP : mail de test envoye vers boutemy.automatisation@gmail.com
[2026-06-29 16:00 UTC] [OK] Tous les checks passes — aucune alerte
[2026-06-29 16:00 UTC] === Surveillance terminee ===
[2026-06-29 16:00 UTC] === Surveillance demarree ===
[2026-06-29 16:00 UTC] [OK] Webhook Calendly 4933b368... : active
[2026-06-29 16:00 UTC] [OK] SMTP : mail de test envoye vers boutemy.automatisation@gmail.com
[2026-06-29 16:00 UTC] [OK] Tous les checks passes — aucune alerte
[2026-06-29 16:00 UTC] === Surveillance terminee ===
[2026-06-29 20:00 UTC] === Surveillance demarree ===
[2026-06-29 20:00 UTC] [OK] Webhook Calendly 4933b368... : active
[2026-06-29 20:00 UTC] [OK] SMTP : mail de test envoye vers boutemy.automatisation@gmail.com
[2026-06-29 20:00 UTC] [OK] Tous les checks passes — aucune alerte
[2026-06-29 20:00 UTC] === Surveillance terminee ===
[2026-06-29 20:00 UTC] === Surveillance demarree ===
[2026-06-29 20:00 UTC] [OK] Webhook Calendly 4933b368... : active
[2026-06-29 20:00 UTC] [OK] SMTP : mail de test envoye vers boutemy.automatisation@gmail.com
[2026-06-29 20:00 UTC] [OK] Tous les checks passes — aucune alerte
[2026-06-29 20:00 UTC] === Surveillance terminee ===
[2026-06-30 00:00 UTC] === Surveillance demarree ===
[2026-06-30 00:00 UTC] [OK] Webhook Calendly 4933b368... : active
[2026-06-30 00:00 UTC] [OK] SMTP : mail de test envoye vers boutemy.automatisation@gmail.com
[2026-06-30 00:00 UTC] [OK] Tous les checks passes — aucune alerte
[2026-06-30 00:00 UTC] === Surveillance terminee ===
[2026-06-30 00:00 UTC] === Surveillance demarree ===
[2026-06-30 00:00 UTC] [OK] Webhook Calendly 4933b368... : active
[2026-06-30 00:00 UTC] [OK] SMTP : mail de test envoye vers boutemy.automatisation@gmail.com
[2026-06-30 00:00 UTC] [OK] Tous les checks passes — aucune alerte
[2026-06-30 00:00 UTC] === Surveillance terminee ===
[2026-06-30 04:00 UTC] === Surveillance demarree ===
[2026-06-30 04:00 UTC] [OK] Webhook Calendly 4933b368... : active
[2026-06-30 04:00 UTC] [OK] SMTP : mail de test envoye vers boutemy.automatisation@gmail.com
[2026-06-30 04:00 UTC] [OK] Tous les checks passes — aucune alerte
[2026-06-30 04:00 UTC] === Surveillance terminee ===
[2026-06-30 04:00 UTC] === Surveillance demarree ===
[2026-06-30 04:00 UTC] [OK] Webhook Calendly 4933b368... : active
[2026-06-30 04:00 UTC] [OK] SMTP : mail de test envoye vers boutemy.automatisation@gmail.com
[2026-06-30 04:00 UTC] [OK] Tous les checks passes — aucune alerte
[2026-06-30 04:00 UTC] === Surveillance terminee ===
[2026-06-30 08:00 UTC] === Surveillance demarree ===
[2026-06-30 08:00 UTC] [OK] Webhook Calendly 4933b368... : active
[2026-06-30 08:00 UTC] [OK] SMTP : mail de test envoye vers boutemy.automatisation@gmail.com
[2026-06-30 08:00 UTC] [OK] Tous les checks passes — aucune alerte
[2026-06-30 08:00 UTC] === Surveillance terminee ===
[2026-06-30 08:00 UTC] === Surveillance demarree ===
[2026-06-30 08:00 UTC] [OK] Webhook Calendly 4933b368... : active
[2026-06-30 08:00 UTC] [OK] SMTP : mail de test envoye vers boutemy.automatisation@gmail.com
[2026-06-30 08:00 UTC] [OK] Tous les checks passes — aucune alerte
[2026-06-30 08:00 UTC] === Surveillance terminee ===
[2026-06-30 12:00 UTC] === Surveillance demarree ===
[2026-06-30 12:00 UTC] [OK] Webhook Calendly 4933b368... : active
[2026-06-30 12:00 UTC] [OK] SMTP : mail de test envoye vers boutemy.automatisation@gmail.com
[2026-06-30 12:00 UTC] [OK] Tous les checks passes — aucune alerte
[2026-06-30 12:00 UTC] === Surveillance terminee ===
[2026-06-30 12:00 UTC] === Surveillance demarree ===
[2026-06-30 12:00 UTC] [OK] Webhook Calendly 4933b368... : active
[2026-06-30 12:00 UTC] [OK] SMTP : mail de test envoye vers boutemy.automatisation@gmail.com
[2026-06-30 12:00 UTC] [OK] Tous les checks passes — aucune alerte
[2026-06-30 12:00 UTC] === Surveillance terminee ===
[2026-06-30 16:00 UTC] === Surveillance demarree ===
[2026-06-30 16:00 UTC] [OK] Webhook Calendly 4933b368... : active
[2026-06-30 16:00 UTC] [OK] SMTP : mail de test envoye vers boutemy.automatisation@gmail.com
[2026-06-30 16:00 UTC] [OK] Tous les checks passes — aucune alerte
[2026-06-30 16:00 UTC] === Surveillance terminee ===
[2026-06-30 16:00 UTC] === Surveillance demarree ===
[2026-06-30 16:00 UTC] [OK] Webhook Calendly 4933b368... : active
[2026-06-30 16:00 UTC] [OK] SMTP : mail de test envoye vers boutemy.automatisation@gmail.com
[2026-06-30 16:00 UTC] [OK] Tous les checks passes — aucune alerte
[2026-06-30 16:00 UTC] === Surveillance terminee ===
[2026-06-30 20:00 UTC] === Surveillance demarree ===
[2026-06-30 20:00 UTC] [OK] Webhook Calendly 4933b368... : active
[2026-06-30 20:00 UTC] [OK] SMTP : mail de test envoye vers boutemy.automatisation@gmail.com
[2026-06-30 20:00 UTC] [OK] Tous les checks passes — aucune alerte
[2026-06-30 20:00 UTC] === Surveillance terminee ===
[2026-06-30 20:00 UTC] === Surveillance demarree ===
[2026-06-30 20:00 UTC] [OK] Webhook Calendly 4933b368... : active
[2026-06-30 20:00 UTC] [OK] SMTP : mail de test envoye vers boutemy.automatisation@gmail.com
[2026-06-30 20:00 UTC] [OK] Tous les checks passes — aucune alerte
[2026-06-30 20:00 UTC] === Surveillance terminee ===
[2026-07-01 00:00 UTC] === Surveillance demarree ===
[2026-07-01 00:00 UTC] [OK] Webhook Calendly 4933b368... : active
[2026-07-01 00:00 UTC] [OK] SMTP : mail de test envoye vers boutemy.automatisation@gmail.com
[2026-07-01 00:00 UTC] [OK] Tous les checks passes — aucune alerte
[2026-07-01 00:00 UTC] === Surveillance terminee ===
[2026-07-01 00:00 UTC] === Surveillance demarree ===
[2026-07-01 00:00 UTC] [OK] Webhook Calendly 4933b368... : active
[2026-07-01 00:00 UTC] [OK] SMTP : mail de test envoye vers boutemy.automatisation@gmail.com
[2026-07-01 00:00 UTC] [OK] Tous les checks passes — aucune alerte
[2026-07-01 00:00 UTC] === Surveillance terminee ===
[2026-07-01 04:00 UTC] === Surveillance demarree ===
[2026-07-01 04:00 UTC] [OK] Webhook Calendly 4933b368... : active
[2026-07-01 04:00 UTC] [OK] SMTP : mail de test envoye vers boutemy.automatisation@gmail.com
[2026-07-01 04:00 UTC] [OK] Tous les checks passes — aucune alerte
[2026-07-01 04:00 UTC] === Surveillance terminee ===
[2026-07-01 04:00 UTC] === Surveillance demarree ===
[2026-07-01 04:00 UTC] [OK] Webhook Calendly 4933b368... : active
[2026-07-01 04:00 UTC] [OK] SMTP : mail de test envoye vers boutemy.automatisation@gmail.com
[2026-07-01 04:00 UTC] [OK] Tous les checks passes — aucune alerte
[2026-07-01 04:00 UTC] === Surveillance terminee ===
[2026-07-01 08:00 UTC] === Surveillance demarree ===
[2026-07-01 08:00 UTC] [OK] Webhook Calendly 4933b368... : active
[2026-07-01 08:00 UTC] [OK] SMTP : mail de test envoye vers boutemy.automatisation@gmail.com
[2026-07-01 08:00 UTC] [OK] Tous les checks passes — aucune alerte
[2026-07-01 08:00 UTC] === Surveillance terminee ===
[2026-07-01 08:00 UTC] === Surveillance demarree ===
[2026-07-01 08:00 UTC] [OK] Webhook Calendly 4933b368... : active
[2026-07-01 08:00 UTC] [OK] SMTP : mail de test envoye vers boutemy.automatisation@gmail.com
[2026-07-01 08:00 UTC] [OK] Tous les checks passes — aucune alerte
[2026-07-01 08:00 UTC] === Surveillance terminee ===
[2026-07-01 12:00 UTC] === Surveillance demarree ===
[2026-07-01 12:00 UTC] [OK] Webhook Calendly 4933b368... : active
[2026-07-01 12:00 UTC] [OK] SMTP : mail de test envoye vers boutemy.automatisation@gmail.com
[2026-07-01 12:00 UTC] [OK] Tous les checks passes — aucune alerte
[2026-07-01 12:00 UTC] === Surveillance terminee ===
[2026-07-01 12:00 UTC] === Surveillance demarree ===
[2026-07-01 12:00 UTC] [OK] Webhook Calendly 4933b368... : active
[2026-07-01 12:00 UTC] [OK] SMTP : mail de test envoye vers boutemy.automatisation@gmail.com
[2026-07-01 12:00 UTC] [OK] Tous les checks passes — aucune alerte
[2026-07-01 12:00 UTC] === Surveillance terminee ===
[2026-07-01 16:00 UTC] === Surveillance demarree ===
[2026-07-01 16:00 UTC] [OK] Webhook Calendly 4933b368... : active
[2026-07-01 16:00 UTC] [OK] SMTP : mail de test envoye vers boutemy.automatisation@gmail.com
[2026-07-01 16:00 UTC] [OK] Tous les checks passes — aucune alerte
[2026-07-01 16:00 UTC] === Surveillance terminee ===
[2026-07-01 16:00 UTC] === Surveillance demarree ===
[2026-07-01 16:00 UTC] [OK] Webhook Calendly 4933b368... : active
[2026-07-01 16:00 UTC] [OK] SMTP : mail de test envoye vers boutemy.automatisation@gmail.com
[2026-07-01 16:00 UTC] [OK] Tous les checks passes — aucune alerte
[2026-07-01 16:00 UTC] === Surveillance terminee ===
[2026-07-01 20:00 UTC] === Surveillance demarree ===
[2026-07-01 20:00 UTC] [OK] Webhook Calendly 4933b368... : active
[2026-07-01 20:00 UTC] [OK] SMTP : mail de test envoye vers boutemy.automatisation@gmail.com
[2026-07-01 20:00 UTC] [OK] Tous les checks passes — aucune alerte
[2026-07-01 20:00 UTC] === Surveillance terminee ===
[2026-07-01 20:00 UTC] === Surveillance demarree ===
[2026-07-01 20:00 UTC] [OK] Webhook Calendly 4933b368... : active
[2026-07-01 20:00 UTC] [OK] SMTP : mail de test envoye vers boutemy.automatisation@gmail.com
[2026-07-01 20:00 UTC] [OK] Tous les checks passes — aucune alerte
[2026-07-01 20:00 UTC] === Surveillance terminee ===
[2026-07-02 00:00 UTC] === Surveillance demarree ===
[2026-07-02 00:00 UTC] [OK] Webhook Calendly 4933b368... : active
[2026-07-02 00:00 UTC] [OK] SMTP : mail de test envoye vers boutemy.automatisation@gmail.com
[2026-07-02 00:00 UTC] [OK] Tous les checks passes — aucune alerte
[2026-07-02 00:00 UTC] === Surveillance terminee ===
[2026-07-02 00:00 UTC] === Surveillance demarree ===
[2026-07-02 00:00 UTC] [OK] Webhook Calendly 4933b368... : active
[2026-07-02 00:00 UTC] [OK] SMTP : mail de test envoye vers boutemy.automatisation@gmail.com
[2026-07-02 00:00 UTC] [OK] Tous les checks passes — aucune alerte
[2026-07-02 00:00 UTC] === Surveillance terminee ===
[2026-07-02 04:00 UTC] === Surveillance demarree ===
[2026-07-02 04:00 UTC] [OK] Webhook Calendly 4933b368... : active
[2026-07-02 04:00 UTC] [OK] SMTP : mail de test envoye vers boutemy.automatisation@gmail.com
[2026-07-02 04:00 UTC] [OK] Tous les checks passes — aucune alerte
[2026-07-02 04:00 UTC] === Surveillance terminee ===
[2026-07-02 04:00 UTC] === Surveillance demarree ===
[2026-07-02 04:00 UTC] [OK] Webhook Calendly 4933b368... : active
[2026-07-02 04:00 UTC] [OK] SMTP : mail de test envoye vers boutemy.automatisation@gmail.com
[2026-07-02 04:00 UTC] [OK] Tous les checks passes — aucune alerte
[2026-07-02 04:00 UTC] === Surveillance terminee ===
[2026-07-02 08:00 UTC] === Surveillance demarree ===
[2026-07-02 08:00 UTC] [OK] Webhook Calendly 4933b368... : active
[2026-07-02 08:00 UTC] [OK] SMTP : mail de test envoye vers boutemy.automatisation@gmail.com
[2026-07-02 08:00 UTC] [OK] Tous les checks passes — aucune alerte
[2026-07-02 08:00 UTC] === Surveillance terminee ===
[2026-07-02 08:00 UTC] === Surveillance demarree ===
[2026-07-02 08:00 UTC] [OK] Webhook Calendly 4933b368... : active
[2026-07-02 08:00 UTC] [OK] SMTP : mail de test envoye vers boutemy.automatisation@gmail.com
[2026-07-02 08:00 UTC] [OK] Tous les checks passes — aucune alerte
[2026-07-02 08:00 UTC] === Surveillance terminee ===
[2026-07-02 12:00 UTC] === Surveillance demarree ===
[2026-07-02 12:00 UTC] [OK] Webhook Calendly 4933b368... : active
[2026-07-02 12:00 UTC] [OK] SMTP : mail de test envoye vers boutemy.automatisation@gmail.com
[2026-07-02 12:00 UTC] [OK] Tous les checks passes — aucune alerte
[2026-07-02 12:00 UTC] === Surveillance terminee ===
[2026-07-02 12:00 UTC] === Surveillance demarree ===
[2026-07-02 12:00 UTC] [OK] Webhook Calendly 4933b368... : active
[2026-07-02 12:00 UTC] [OK] SMTP : mail de test envoye vers boutemy.automatisation@gmail.com
[2026-07-02 12:00 UTC] [OK] Tous les checks passes — aucune alerte
[2026-07-02 12:00 UTC] === Surveillance terminee ===
[2026-07-02 16:00 UTC] === Surveillance demarree ===
[2026-07-02 16:00 UTC] [OK] Webhook Calendly 4933b368... : active
[2026-07-02 16:00 UTC] [OK] SMTP : mail de test envoye vers boutemy.automatisation@gmail.com
[2026-07-02 16:00 UTC] [OK] Tous les checks passes — aucune alerte
[2026-07-02 16:00 UTC] === Surveillance terminee ===
[2026-07-02 16:00 UTC] === Surveillance demarree ===
[2026-07-02 16:00 UTC] [OK] Webhook Calendly 4933b368... : active
[2026-07-02 16:00 UTC] [OK] SMTP : mail de test envoye vers boutemy.automatisation@gmail.com
[2026-07-02 16:00 UTC] [OK] Tous les checks passes — aucune alerte
[2026-07-02 16:00 UTC] === Surveillance terminee ===
[2026-07-02 20:00 UTC] === Surveillance demarree ===
[2026-07-02 20:00 UTC] [OK] Webhook Calendly 4933b368... : active
[2026-07-02 20:00 UTC] [OK] SMTP : mail de test envoye vers boutemy.automatisation@gmail.com
[2026-07-02 20:00 UTC] [OK] Tous les checks passes — aucune alerte
[2026-07-02 20:00 UTC] === Surveillance terminee ===
[2026-07-02 20:00 UTC] === Surveillance demarree ===
[2026-07-02 20:00 UTC] [OK] Webhook Calendly 4933b368... : active
[2026-07-02 20:00 UTC] [OK] SMTP : mail de test envoye vers boutemy.automatisation@gmail.com
[2026-07-02 20:00 UTC] [OK] Tous les checks passes — aucune alerte
[2026-07-02 20:00 UTC] === Surveillance terminee ===
[2026-07-03 00:00 UTC] === Surveillance demarree ===
[2026-07-03 00:00 UTC] [OK] Webhook Calendly 4933b368... : active
[2026-07-03 00:00 UTC] [OK] SMTP : mail de test envoye vers boutemy.automatisation@gmail.com
[2026-07-03 00:00 UTC] [OK] Tous les checks passes — aucune alerte
[2026-07-03 00:00 UTC] === Surveillance terminee ===
[2026-07-03 00:00 UTC] === Surveillance demarree ===
[2026-07-03 00:00 UTC] [OK] Webhook Calendly 4933b368... : active
[2026-07-03 00:00 UTC] [OK] SMTP : mail de test envoye vers boutemy.automatisation@gmail.com
[2026-07-03 00:00 UTC] [OK] Tous les checks passes — aucune alerte
[2026-07-03 00:00 UTC] === Surveillance terminee ===
[2026-07-03 04:00 UTC] === Surveillance demarree ===
[2026-07-03 04:00 UTC] [OK] Webhook Calendly 4933b368... : active
[2026-07-03 04:00 UTC] [OK] SMTP : mail de test envoye vers boutemy.automatisation@gmail.com
[2026-07-03 04:00 UTC] [OK] Tous les checks passes — aucune alerte
[2026-07-03 04:00 UTC] === Surveillance terminee ===
[2026-07-03 04:00 UTC] === Surveillance demarree ===
[2026-07-03 04:00 UTC] [OK] Webhook Calendly 4933b368... : active
[2026-07-03 04:00 UTC] [OK] SMTP : mail de test envoye vers boutemy.automatisation@gmail.com
[2026-07-03 04:00 UTC] [OK] Tous les checks passes — aucune alerte
[2026-07-03 04:00 UTC] === Surveillance terminee ===
[2026-07-03 08:00 UTC] === Surveillance demarree ===
[2026-07-03 08:00 UTC] [OK] Webhook Calendly 4933b368... : active
[2026-07-03 08:00 UTC] [OK] SMTP : mail de test envoye vers boutemy.automatisation@gmail.com
[2026-07-03 08:00 UTC] [OK] Tous les checks passes — aucune alerte
[2026-07-03 08:00 UTC] === Surveillance terminee ===
[2026-07-03 08:00 UTC] === Surveillance demarree ===
[2026-07-03 08:00 UTC] [OK] Webhook Calendly 4933b368... : active
[2026-07-03 08:00 UTC] [OK] SMTP : mail de test envoye vers boutemy.automatisation@gmail.com
[2026-07-03 08:00 UTC] [OK] Tous les checks passes — aucune alerte
[2026-07-03 08:00 UTC] === Surveillance terminee ===
