Export base Élèves (35eafa74cfc980d092d0e80644bd6be7)...
  312 fiche(s) exportée(s)
  Sauvegardé : /home/ubuntu/automations/backups/backup_eleves_2026-05-31.json (1290 Ko)
Terminé.
Export base Élèves (35eafa74cfc980d092d0e80644bd6be7)...
  316 fiche(s) exportée(s)
  Sauvegardé : /home/ubuntu/automations/backups/backup_eleves_2026-06-07.json (1315 Ko)
Terminé.
Export base Élèves (35eafa74cfc980d092d0e80644bd6be7)...
  319 fiche(s) exportée(s)
  Sauvegardé : /home/ubuntu/automations/backups/backup_eleves_2026-06-14.json (1331 Ko)
Terminé.
Export base Élèves (35eafa74cfc980d092d0e80644bd6be7)...
  322 fiche(s) exportée(s)
  Sauvegardé : /home/ubuntu/automations/backups/backup_eleves_2026-06-21.json (1346 Ko)
Terminé.
Export base Élèves (35eafa74cfc980d092d0e80644bd6be7)...
  325 fiche(s) exportée(s)
  Sauvegardé : /home/ubuntu/automations/backups/backup_eleves_2026-06-28.json (1364 Ko)
  Supprimé : backup_eleves_2026-05-26.json
  1 ancien(s) backup(s) supprimé(s) (>30j)
Terminé.
